---
source: tests/snapshot_tests.rs
expression: signature
---
width: 640
height: 480
center:
  - 56254
  - 56253
  - 56253
top_left:
  - 0
  - 0
  - 0
top_right:
  - 0
  - 0
  - 0
bottom_left:
  - 63123
  - 63128
  - 63129
bottom_right:
  - 0
  - 0
  - 0
avg_r: 4580
avg_g: 4315
avg_b: 4106
non_black_pixels: 24508
