---
source: tests/snapshot_tests.rs
expression: signature
---
width: 640
height: 480
center:
  - 3393
  - 2025
  - 1125
top_left:
  - 0
  - 0
  - 0
top_right:
  - 1898
  - 893
  - 637
bottom_left:
  - 16277
  - 11613
  - 7265
bottom_right:
  - 0
  - 0
  - 0
avg_r: 56
avg_g: 35
avg_b: 15
non_black_pixels: 16570
