---
source: tests/snapshot_tests.rs
expression: signature
---
width: 640
height: 480
center:
  - 0
  - 0
  - 0
top_left:
  - 0
  - 0
  - 0
top_right:
  - 0
  - 0
  - 0
bottom_left:
  - 65535
  - 65535
  - 55661
bottom_right:
  - 0
  - 0
  - 0
avg_r: 3061
avg_g: 2252
avg_b: 1679
non_black_pixels: 15691
