---
source: tests/snapshot_tests.rs
expression: signature
---
width: 640
height: 480
center:
  - 0
  - 0
  - 0
top_left:
  - 65535
  - 65535
  - 64122
top_right:
  - 0
  - 0
  - 0
bottom_left:
  - 0
  - 0
  - 0
bottom_right:
  - 0
  - 0
  - 0
avg_r: 3528
avg_g: 3220
avg_b: 2497
non_black_pixels: 21085
