---
source: tests/snapshot_tests.rs
expression: signature
---
width: 640
height: 480
center:
  - 0
  - 0
  - 0
top_left:
  - 65535
  - 65535
  - 61449
top_right:
  - 0
  - 0
  - 0
bottom_left:
  - 0
  - 0
  - 0
bottom_right:
  - 0
  - 0
  - 0
avg_r: 4047
avg_g: 3770
avg_b: 2839
non_black_pixels: 21066
